Ground state equilibrium geometry 
Dihedral = 179.997895974 degrees 
Angle123 = 55.5685906158 degrees 
Angle234 = 55.5685976825 degrees 
Bond12 = 1.33731607883 Angstroms 
Bond23 = 1.4564188957 Angstroms 
Bond34 = 1.3373161366 Angstroms 

Excited State geometry 
ES Dihedral = 179.993614898 degrees 
ES Angle123 = 54.3603038954 degrees 
ES Angle234 = 54.3605476062 degrees 
ES Bond12 = 1.75804152958 Angstroms 
ES Bond23 = 1.25876954557 Angstroms 
ES Bond34 = 1.75804919084 Angstroms 
